// Jest Snapshot v1, https://goo.gl/fbAQLP

exports[`<Registration /> renders without crashing 1`] = `
<div>
  <form>
    <h1
      class="title"
    >
      Registration
    </h1>
    <article
      class="message is-info"
    >
      <div
        class="message-header"
      >
        Information
      </div>
      <div
        class="message-body"
      >
        Although 
        <em>
          not necessary
        </em>
        , it is recommended to use a real mail for resetting forgotten credentials.
        <br />
        If you choose to select a real mail, you'll receive a mail containing your login details.
      </div>
    </article>
    <div
      class="columns is-multiline"
    >
      <div
        class="column is-one-fifth is-offset-one-fifth"
      >
        <div
          class="field-label"
        >
          <label
            class="label"
            for="register-1"
          >
            Mail
          </label>
        </div>
      </div>
      <div
        class="column is-two-fifths"
      >
        <div
          class="field"
        >
          <div
            class="control has-icons-left has-icons-right"
          >
            <input
              class="input is-small"
              id="register-1"
              required=""
              type="email"
              value=""
            />
            <span
              class="icon is-left"
            >
              <svg
                aria-hidden="true"
                class="svg-inline--fa fa-envelope fa-w-16 "
                data-icon="envelope"
                data-prefix="fas"
                focusable="false"
                role="img"
                viewBox="0 0 512 512"
                xmlns="http://www.w3.org/2000/svg"
              >
                <path
                  d="M502.3 190.8c3.9-3.1 9.7-.2 9.7 4.7V400c0 26.5-21.5 48-48 48H48c-26.5 0-48-21.5-48-48V195.6c0-5 5.7-7.8 9.7-4.7 22.4 17.4 52.1 39.5 154.1 113.6 21.1 15.4 56.7 47.8 92.2 47.6 35.7.3 72-32.8 92.3-47.6 102-74.1 131.6-96.3 154-113.7zM256 320c23.2.4 56.6-29.2 73.4-41.4 132.7-96.3 142.8-104.7 173.4-128.7 5.8-4.5 9.2-11.5 9.2-18.9v-19c0-26.5-21.5-48-48-48H48C21.5 64 0 85.5 0 112v19c0 7.4 3.4 14.3 9.2 18.9 30.6 23.9 40.7 32.4 173.4 128.7 16.8 12.2 50.2 41.8 73.4 41.4z"
                  fill="currentColor"
                />
              </svg>
            </span>
          </div>
        </div>
      </div>
      <div
        class="column is-one-fifth is-offset-one-fifth"
      >
        <div
          class="field-label"
        >
          <label
            class="label"
            for="register-2"
          >
            Password
          </label>
        </div>
      </div>
      <div
        class="column is-two-fifths"
      >
        <div
          class="field"
        >
          <div
            class="control has-icons-left has-icons-right"
          >
            <input
              class="input is-small"
              id="register-2"
              pattern="^.*(?=.{8,})(?=.*[a-zA-Z])(?=.*\\\\d)(?=.*[!#$%&? \\"]).*$"
              required=""
              type="password"
              value=""
            />
            <span
              class="icon is-left"
            >
              <svg
                aria-hidden="true"
                class="svg-inline--fa fa-lock-open fa-w-18 "
                data-icon="lock-open"
                data-prefix="fas"
                focusable="false"
                role="img"
                viewBox="0 0 576 512"
                xmlns="http://www.w3.org/2000/svg"
              >
                <path
                  d="M423.5 0C339.5.3 272 69.5 272 153.5V224H48c-26.5 0-48 21.5-48 48v192c0 26.5 21.5 48 48 48h352c26.5 0 48-21.5 48-48V272c0-26.5-21.5-48-48-48h-48v-71.1c0-39.6 31.7-72.5 71.3-72.9 40-.4 72.7 32.1 72.7 72v80c0 13.3 10.7 24 24 24h32c13.3 0 24-10.7 24-24v-80C576 68 507.5-.3 423.5 0z"
                  fill="currentColor"
                />
              </svg>
            </span>
          </div>
        </div>
      </div>
      <div
        class="column is-one-fifth is-offset-one-fifth"
      >
        <div
          class="field-label"
        >
          <label
            class="label"
            for="register-3"
          >
            Repeat password
          </label>
        </div>
      </div>
      <div
        class="column is-two-fifths"
      >
        <div
          class="field"
        >
          <div
            class="control has-icons-left has-icons-right"
          >
            <input
              class="input is-small"
              id="register-3"
              pattern="^.*(?=.{8,})(?=.*[a-zA-Z])(?=.*\\\\d)(?=.*[!#$%&? \\"]).*$"
              required=""
              type="password"
              value=""
            />
            <span
              class="icon is-left"
            >
              <svg
                aria-hidden="true"
                class="svg-inline--fa fa-lock-open fa-w-18 "
                data-icon="lock-open"
                data-prefix="fas"
                focusable="false"
                role="img"
                viewBox="0 0 576 512"
                xmlns="http://www.w3.org/2000/svg"
              >
                <path
                  d="M423.5 0C339.5.3 272 69.5 272 153.5V224H48c-26.5 0-48 21.5-48 48v192c0 26.5 21.5 48 48 48h352c26.5 0 48-21.5 48-48V272c0-26.5-21.5-48-48-48h-48v-71.1c0-39.6 31.7-72.5 71.3-72.9 40-.4 72.7 32.1 72.7 72v80c0 13.3 10.7 24 24 24h32c13.3 0 24-10.7 24-24v-80C576 68 507.5-.3 423.5 0z"
                  fill="currentColor"
                />
              </svg>
            </span>
          </div>
        </div>
      </div>
    </div>
    <button
      class="button is-primary"
      disabled=""
      type="submit"
    >
      Submit
    </button>
  </form>
</div>
`;

exports[`<Registration /> should display errors on invalid mail and valid password pattern 1`] = `"<input class=\\"input is-small\\" type=\\"email\\" required=\\"\\" id=\\"register-1\\" value=\\"abc\\"><input class=\\"input is-small\\" type=\\"password\\" pattern=\\"^.*(?=.{8,})(?=.*[a-zA-Z])(?=.*\\\\d)(?=.*[!#$%&amp;? &quot;]).*$\\" required=\\"\\" id=\\"register-2\\" value=\\"somePassword1!\\">"`;

exports[`<Registration /> should display errors on invalid password repetition 1`] = `"<input class=\\"input is-small\\" type=\\"password\\" pattern=\\"^.*(?=.{8,})(?=.*[a-zA-Z])(?=.*\\\\d)(?=.*[!#$%&amp;? &quot;]).*$\\" required=\\"\\" id=\\"register-2\\" value=\\"somelongerpassword\\"><input class=\\"input is-small\\" type=\\"password\\" pattern=\\"^.*(?=.{8,})(?=.*[a-zA-Z])(?=.*\\\\d)(?=.*[!#$%&amp;? &quot;]).*$\\" required=\\"\\" id=\\"register-3\\" value=\\"abc\\">"`;

exports[`<Registration /> should display errors on valid mail and invalid password pattern 1`] = `"<input class=\\"input is-small\\" type=\\"email\\" required=\\"\\" id=\\"register-1\\" value=\\"a@b.de\\"><input class=\\"input is-small\\" type=\\"password\\" pattern=\\"^.*(?=.{8,})(?=.*[a-zA-Z])(?=.*\\\\d)(?=.*[!#$%&amp;? &quot;]).*$\\" required=\\"\\" id=\\"register-2\\" value=\\"somelongerpassword\\">"`;

exports[`<Registration /> should display errors on valid mail and short password 1`] = `"<div class=\\"control has-icons-left has-icons-right\\"><input class=\\"input is-small\\" type=\\"email\\" required=\\"\\" id=\\"register-1\\" value=\\"a@b.de\\"><span class=\\"icon has-text-success is-left\\"><svg aria-hidden=\\"true\\" focusable=\\"false\\" data-prefix=\\"fas\\" data-icon=\\"envelope\\" class=\\"svg-inline--fa fa-envelope fa-w-16 \\" role=\\"img\\" xmlns=\\"http://www.w3.org/2000/svg\\" viewBox=\\"0 0 512 512\\"><path fill=\\"currentColor\\" d=\\"M502.3 190.8c3.9-3.1 9.7-.2 9.7 4.7V400c0 26.5-21.5 48-48 48H48c-26.5 0-48-21.5-48-48V195.6c0-5 5.7-7.8 9.7-4.7 22.4 17.4 52.1 39.5 154.1 113.6 21.1 15.4 56.7 47.8 92.2 47.6 35.7.3 72-32.8 92.3-47.6 102-74.1 131.6-96.3 154-113.7zM256 320c23.2.4 56.6-29.2 73.4-41.4 132.7-96.3 142.8-104.7 173.4-128.7 5.8-4.5 9.2-11.5 9.2-18.9v-19c0-26.5-21.5-48-48-48H48C21.5 64 0 85.5 0 112v19c0 7.4 3.4 14.3 9.2 18.9 30.6 23.9 40.7 32.4 173.4 128.7 16.8 12.2 50.2 41.8 73.4 41.4z\\"></path></svg></span><span class=\\"icon has-text-success is-right\\"><svg aria-hidden=\\"true\\" focusable=\\"false\\" data-prefix=\\"fas\\" data-icon=\\"check\\" class=\\"svg-inline--fa fa-check fa-w-16 \\" role=\\"img\\" xmlns=\\"http://www.w3.org/2000/svg\\" viewBox=\\"0 0 512 512\\"><path fill=\\"currentColor\\" d=\\"M173.898 439.404l-166.4-166.4c-9.997-9.997-9.997-26.206 0-36.204l36.203-36.204c9.997-9.998 26.207-9.998 36.204 0L192 312.69 432.095 72.596c9.997-9.997 26.207-9.997 36.204 0l36.203 36.204c9.997 9.997 9.997 26.206 0 36.204l-294.4 294.401c-9.998 9.997-26.207 9.997-36.204-.001z\\"></path></svg></span></div><div class=\\"control has-icons-left has-icons-right\\"><input class=\\"input is-small\\" type=\\"password\\" pattern=\\"^.*(?=.{8,})(?=.*[a-zA-Z])(?=.*\\\\d)(?=.*[!#$%&amp;? &quot;]).*$\\" required=\\"\\" id=\\"register-2\\" value=\\"abc\\"><span class=\\"icon has-text-danger is-left\\"><svg aria-hidden=\\"true\\" focusable=\\"false\\" data-prefix=\\"fas\\" data-icon=\\"lock-open\\" class=\\"svg-inline--fa fa-lock-open fa-w-18 \\" role=\\"img\\" xmlns=\\"http://www.w3.org/2000/svg\\" viewBox=\\"0 0 576 512\\"><path fill=\\"currentColor\\" d=\\"M423.5 0C339.5.3 272 69.5 272 153.5V224H48c-26.5 0-48 21.5-48 48v192c0 26.5 21.5 48 48 48h352c26.5 0 48-21.5 48-48V272c0-26.5-21.5-48-48-48h-48v-71.1c0-39.6 31.7-72.5 71.3-72.9 40-.4 72.7 32.1 72.7 72v80c0 13.3 10.7 24 24 24h32c13.3 0 24-10.7 24-24v-80C576 68 507.5-.3 423.5 0z\\"></path></svg></span><span class=\\"icon has-text-danger is-right\\"><svg aria-hidden=\\"true\\" focusable=\\"false\\" data-prefix=\\"fas\\" data-icon=\\"times\\" class=\\"svg-inline--fa fa-times fa-w-11 \\" role=\\"img\\" xmlns=\\"http://www.w3.org/2000/svg\\" viewBox=\\"0 0 352 512\\"><path fill=\\"currentColor\\" d=\\"M242.72 256l100.07-100.07c12.28-12.28 12.28-32.19 0-44.48l-22.24-22.24c-12.28-12.28-32.19-12.28-44.48 0L176 189.28 75.93 89.21c-12.28-12.28-32.19-12.28-44.48 0L9.21 111.45c-12.28 12.28-12.28 32.19 0 44.48L109.28 256 9.21 356.07c-12.28 12.28-12.28 32.19 0 44.48l22.24 22.24c12.28 12.28 32.2 12.28 44.48 0L176 322.72l100.07 100.07c12.28 12.28 32.2 12.28 44.48 0l22.24-22.24c12.28-12.28 12.28-32.19 0-44.48L242.72 256z\\"></path></svg></span></div>"`;

exports[`<Registration /> should submit with valid mail and valid password 1`] = `"<input class=\\"input is-small\\" type=\\"email\\" required=\\"\\" id=\\"register-1\\" value=\\"a@b.de\\" disabled=\\"\\"><input class=\\"input is-small\\" type=\\"password\\" pattern=\\"^.*(?=.{8,})(?=.*[a-zA-Z])(?=.*\\\\d)(?=.*[!#$%&amp;? &quot;]).*$\\" required=\\"\\" id=\\"register-2\\" value=\\"somePassword1!\\" disabled=\\"\\"><input class=\\"input is-small\\" type=\\"password\\" pattern=\\"^.*(?=.{8,})(?=.*[a-zA-Z])(?=.*\\\\d)(?=.*[!#$%&amp;? &quot;]).*$\\" required=\\"\\" id=\\"register-3\\" value=\\"somePassword1!\\">"`;
